\BOOKMARK [0][-]{chapter.1}{\376\377\000I\000n\000t\000r\000o\000d\000u\000c\000t\000i\000o\000n\000\040\000e\000t\000\040\000o\000b\000j\000e\000c\000t\000i\000f\000s\000\040\000d\000u\000\040\000p\000r\000o\000j\000e\000t}{}% 1
\BOOKMARK [0][-]{chapter.2}{\376\377\000C\000o\000n\000s\000t\000i\000t\000u\000t\000i\000o\000n\000\040\000e\000t\000\040\000n\000e\000t\000t\000o\000y\000a\000g\000e\000\040\000d\000u\000\040\000j\000e\000u\000\040\000d\000e\000\040\000d\000o\000n\000n\000\351\000e\000s}{}% 2
\BOOKMARK [1][-]{section.2.1}{\376\377\000C\000o\000l\000l\000e\000c\000t\000e}{chapter.2}% 3
\BOOKMARK [1][-]{section.2.2}{\376\377\000N\000e\000t\000t\000o\000y\000a\000g\000e\000\040\000p\000a\000r\000\040\000d\000\351\000t\000e\000c\000t\000i\000o\000n\000\040\000d\000'\000o\000b\000j\000e\000t\000s}{chapter.2}% 4
\BOOKMARK [1][-]{section.2.3}{\376\377\000C\000h\000a\000r\000g\000e\000m\000e\000n\000t\000\040\000e\000t\000\040\000m\000i\000s\000e\000\040\000e\000n\000\040\000c\000a\000c\000h\000e}{chapter.2}% 5
\BOOKMARK [0][-]{chapter.3}{\376\377\000A\000r\000c\000h\000i\000t\000e\000c\000t\000u\000r\000e\000\040\000l\000o\000g\000i\000c\000i\000e\000l\000l\000e\000\040\000d\000e\000\040\000l\000a\000\040\000b\000i\000b\000l\000i\000o\000t\000h\000\350\000q\000u\000e}{}% 6
\BOOKMARK [1][-]{section.3.1}{\376\377\000U\000n\000e\000\040\000b\000i\000b\000l\000i\000o\000t\000h\000\350\000q\000u\000e\000\040\000R\000u\000s\000t\000\040\000f\000r\000o\000m\000\040\000s\000c\000r\000a\000t\000c\000h}{chapter.3}% 7
\BOOKMARK [1][-]{section.3.2}{\376\377\000Q\000u\000a\000l\000i\000t\000\351\000\040\000e\000t\000\040\000t\000e\000s\000t\000s}{chapter.3}% 8
\BOOKMARK [1][-]{section.3.3}{\376\377\000I\000n\000t\000e\000r\000o\000p\000\351\000r\000a\000b\000i\000l\000i\000t\000\351\000\040\000e\000t\000\040\000a\000p\000p\000l\000i\000c\000a\000t\000i\000o\000n\000s}{chapter.3}% 9
\BOOKMARK [0][-]{chapter.4}{\376\377\000R\000e\000p\000r\000\351\000s\000e\000n\000t\000a\000t\000i\000o\000n\000s\000\040\000d\000'\000e\000n\000t\000r\000\351\000e\000\040\000e\000t\000\040\000c\000o\000n\000t\000r\000a\000i\000n\000t\000e\000\040\000d\000e\000\040\000d\000i\000m\000e\000n\000s\000i\000o\000n\000n\000e\000m\000e\000n\000t}{}% 10
\BOOKMARK [0][-]{chapter.5}{\376\377\000\311\000t\000u\000d\000e\000\040\000e\000x\000p\000\351\000r\000i\000m\000e\000n\000t\000a\000l\000e\000\040\000d\000u\000\040\000P\000e\000r\000c\000e\000p\000t\000r\000o\000n\000\040\000d\000e\000\040\000R\000o\000s\000e\000n\000b\000l\000a\000t\000t}{}% 11
\BOOKMARK [1][-]{section.5.1}{\376\377\000C\000a\000d\000r\000e\000\040\000m\000\351\000t\000h\000o\000d\000o\000l\000o\000g\000i\000q\000u\000e}{chapter.5}% 12
\BOOKMARK [1][-]{section.5.2}{\376\377\000E\000x\000p\000\351\000r\000i\000e\000n\000c\000e\000\040\0001\000\040\040\024\000\040\000I\000n\000f\000l\000u\000e\000n\000c\000e\000\040\000d\000u\000\040\000t\000a\000u\000x\000\040\000d\000'\000a\000p\000p\000r\000e\000n\000t\000i\000s\000s\000a\000g\000e}{chapter.5}% 13
\BOOKMARK [1][-]{section.5.3}{\376\377\000E\000x\000p\000\351\000r\000i\000e\000n\000c\000e\000\040\0002\000\040\040\024\000\040\000I\000n\000f\000l\000u\000e\000n\000c\000e\000\040\000d\000u\000\040\000n\000o\000m\000b\000r\000e\000\040\000d\000'\000\351\000p\000o\000q\000u\000e\000s}{chapter.5}% 14
\BOOKMARK [1][-]{section.5.4}{\376\377\000E\000x\000p\000\351\000r\000i\000e\000n\000c\000e\000\040\0003\000\040\040\024\000\040\000S\000t\000a\000b\000i\000l\000i\000t\000\351\000\040\000s\000e\000l\000o\000n\000\040\000l\000a\000\040\000g\000r\000a\000i\000n\000e\000\040\000a\000l\000\351\000a\000t\000o\000i\000r\000e}{chapter.5}% 15
\BOOKMARK [1][-]{section.5.5}{\376\377\000E\000x\000p\000\351\000r\000i\000e\000n\000c\000e\000\040\0004\000\040\040\024\000\040\000M\000a\000t\000r\000i\000c\000e\000\040\000d\000e\000\040\000c\000o\000n\000f\000u\000s\000i\000o\000n}{chapter.5}% 16
\BOOKMARK [1][-]{section.5.6}{\376\377\000S\000y\000n\000t\000h\000\350\000s\000e}{chapter.5}% 17
\BOOKMARK [0][-]{chapter.6}{\376\377\000\311\000t\000u\000d\000e\000\040\000e\000x\000p\000\351\000r\000i\000m\000e\000n\000t\000a\000l\000e\000\040\000d\000u\000\040\000P\000e\000r\000c\000e\000p\000t\000r\000o\000n\000\040\000M\000u\000l\000t\000i\000-\000C\000o\000u\000c\000h\000e\000s}{}% 18
\BOOKMARK [1][-]{section.6.1}{\376\377\000D\000\351\000m\000a\000r\000c\000h\000e\000\040\000d\000e\000\040\000c\000o\000n\000s\000t\000r\000u\000c\000t\000i\000o\000n\000\040\000e\000t\000\040\000p\000r\000e\000m\000i\000e\000r\000s\000\040\000e\000n\000s\000e\000i\000g\000n\000e\000m\000e\000n\000t\000s}{chapter.6}% 19
\BOOKMARK [1][-]{section.6.2}{\376\377\000E\000x\000p\000\351\000r\000i\000e\000n\000c\000e\000s\000\040\000s\000y\000s\000t\000\351\000m\000a\000t\000i\000q\000u\000e\000s}{chapter.6}% 20
\BOOKMARK [1][-]{section.6.3}{\376\377\000C\000a\000d\000r\000e\000\040\000m\000\351\000t\000h\000o\000d\000o\000l\000o\000g\000i\000q\000u\000e}{chapter.6}% 21
\BOOKMARK [1][-]{section.6.4}{\376\377\000E\000x\000p\000\351\000r\000i\000e\000n\000c\000e\000\040\0001\000\040\040\024\000\040\000I\000n\000f\000l\000u\000e\000n\000c\000e\000\040\000d\000u\000\040\000t\000a\000u\000x\000\040\000d\000'\000a\000p\000p\000r\000e\000n\000t\000i\000s\000s\000a\000g\000e}{chapter.6}% 22
\BOOKMARK [1][-]{section.6.5}{\376\377\000E\000x\000p\000\351\000r\000i\000e\000n\000c\000e\000\040\0002\000\040\040\024\000\040\000I\000n\000f\000l\000u\000e\000n\000c\000e\000\040\000d\000u\000\040\000n\000o\000m\000b\000r\000e\000\040\000d\000'\000\351\000p\000o\000q\000u\000e\000s}{chapter.6}% 23
\BOOKMARK [1][-]{section.6.6}{\376\377\000E\000x\000p\000\351\000r\000i\000e\000n\000c\000e\000\040\0003\000\040\040\024\000\040\000I\000n\000f\000l\000u\000e\000n\000c\000e\000\040\000d\000e\000\040\000l\000a\000\040\000p\000r\000o\000f\000o\000n\000d\000e\000u\000r\000\040\000d\000u\000\040\000r\000\351\000s\000e\000a\000u}{chapter.6}% 24
\BOOKMARK [1][-]{section.6.7}{\376\377\000E\000x\000p\000\351\000r\000i\000e\000n\000c\000e\000\040\0004\000\040\040\024\000\040\000I\000n\000f\000l\000u\000e\000n\000c\000e\000\040\000d\000e\000\040\000l\000a\000\040\000t\000a\000i\000l\000l\000e\000\040\000d\000u\000\040\000j\000e\000u\000\040\000d\000e\000\040\000d\000o\000n\000n\000\351\000e\000s}{chapter.6}% 25
\BOOKMARK [1][-]{section.6.8}{\376\377\000E\000x\000p\000\351\000r\000i\000e\000n\000c\000e\000\040\0005\000\040\040\024\000\040\000M\000i\000s\000e\000\040\000e\000n\000\040\000\351\000v\000i\000d\000e\000n\000c\000e\000\040\000d\000u\000\040\000s\000u\000r\000-\000a\000p\000p\000r\000e\000n\000t\000i\000s\000s\000a\000g\000e}{chapter.6}% 26
\BOOKMARK [1][-]{section.6.9}{\376\377\000E\000x\000p\000\351\000r\000i\000e\000n\000c\000e\000\040\0006\000\040\040\024\000\040\000M\000i\000s\000e\000\040\000e\000n\000\040\000\351\000v\000i\000d\000e\000n\000c\000e\000\040\000d\000u\000\040\000s\000o\000u\000s\000-\000a\000p\000p\000r\000e\000n\000t\000i\000s\000s\000a\000g\000e}{chapter.6}% 27
\BOOKMARK [1][-]{section.6.10}{\376\377\000E\000x\000p\000\351\000r\000i\000e\000n\000c\000e\000\040\0007\000\040\040\024\000\040\000R\000e\000c\000h\000e\000r\000c\000h\000e\000\040\000d\000u\000\040\000c\000o\000m\000p\000r\000o\000m\000i\000s\000\040\000p\000a\000r\000\040\000a\000r\000c\000h\000i\000t\000e\000c\000t\000u\000r\000e}{chapter.6}% 28
\BOOKMARK [1][-]{section.6.11}{\376\377\000E\000x\000p\000\351\000r\000i\000e\000n\000c\000e\000\040\0008\000\040\040\024\000\040\000M\000a\000t\000r\000i\000c\000e\000\040\000d\000e\000\040\000c\000o\000n\000f\000u\000s\000i\000o\000n\000\040\000d\000u\000\040\000m\000e\000i\000l\000l\000e\000u\000r\000\040\000m\000o\000d\000\350\000l\000e}{chapter.6}% 29
\BOOKMARK [1][-]{section.6.12}{\376\377\000C\000o\000m\000p\000a\000r\000a\000i\000s\000o\000n\000\040\000d\000e\000s\000\040\000r\000e\000p\000r\000\351\000s\000e\000n\000t\000a\000t\000i\000o\000n\000s\000\040\000d\000'\000e\000n\000t\000r\000\351\000e\000\040\000:\000\040\000c\000a\000r\000a\000c\000t\000\351\000r\000i\000s\000t\000i\000q\000u\000e\000s\000\040\000e\000x\000t\000r\000a\000i\000t\000e\000s\000\040\000c\000o\000n\000t\000r\000e\000\040\000p\000i\000x\000e\000l\000s\000\040\000b\000r\000u\000t\000s}{chapter.6}% 30
\BOOKMARK [1][-]{section.6.13}{\376\377\000S\000y\000n\000t\000h\000\350\000s\000e}{chapter.6}% 31
\BOOKMARK [0][-]{chapter.7}{\376\377\000\311\000t\000u\000d\000e\000\040\000e\000x\000p\000\351\000r\000i\000m\000e\000n\000t\000a\000l\000e\000\040\000d\000u\000\040\000R\000a\000d\000i\000a\000l\000\040\000B\000a\000s\000i\000s\000\040\000F\000u\000n\000c\000t\000i\000o\000n\000\040\000N\000e\000t\000w\000o\000r\000k}{}% 32
\BOOKMARK [1][-]{section.7.1}{\376\377\000C\000a\000d\000r\000e\000\040\000m\000\351\000t\000h\000o\000d\000o\000l\000o\000g\000i\000q\000u\000e}{chapter.7}% 33
\BOOKMARK [1][-]{section.7.2}{\376\377\000E\000x\000p\000\351\000r\000i\000e\000n\000c\000e\000\040\0001\000\040\040\024\000\040\000I\000n\000f\000l\000u\000e\000n\000c\000e\000\040\000d\000e\000\040\000g\000a\000m\000m\000a}{chapter.7}% 34
\BOOKMARK [1][-]{section.7.3}{\376\377\000E\000x\000p\000\351\000r\000i\000e\000n\000c\000e\000\040\0002\000\040\040\024\000\040\000I\000n\000f\000l\000u\000e\000n\000c\000e\000\040\000d\000u\000\040\000n\000o\000m\000b\000r\000e\000\040\000d\000e\000\040\000c\000e\000n\000t\000r\000e\000s}{chapter.7}% 35
\BOOKMARK [1][-]{section.7.4}{\376\377\000E\000x\000p\000\351\000r\000i\000e\000n\000c\000e\000\040\0003\000\040\040\024\000\040\000V\000e\000r\000s\000i\000o\000n\000\040\000n\000a\000\357\000v\000e\000\040\000c\000o\000n\000t\000r\000e\000\040\000K\000\040\000c\000e\000n\000t\000r\000e\000s}{chapter.7}% 36
\BOOKMARK [1][-]{section.7.5}{\376\377\000E\000x\000p\000\351\000r\000i\000e\000n\000c\000e\000\040\0004\000\040\040\024\000\040\000M\000a\000t\000r\000i\000c\000e\000\040\000d\000e\000\040\000c\000o\000n\000f\000u\000s\000i\000o\000n}{chapter.7}% 37
\BOOKMARK [1][-]{section.7.6}{\376\377\000S\000y\000n\000t\000h\000\350\000s\000e}{chapter.7}% 38
\BOOKMARK [0][-]{chapter.8}{\376\377\000\311\000t\000u\000d\000e\000\040\000e\000x\000p\000\351\000r\000i\000m\000e\000n\000t\000a\000l\000e\000\040\000d\000u\000\040\000S\000u\000p\000p\000o\000r\000t\000\040\000V\000e\000c\000t\000o\000r\000\040\000M\000a\000c\000h\000i\000n\000e}{}% 39
\BOOKMARK [1][-]{section.8.1}{\376\377\000C\000a\000d\000r\000e\000\040\000m\000\351\000t\000h\000o\000d\000o\000l\000o\000g\000i\000q\000u\000e}{chapter.8}% 40
\BOOKMARK [1][-]{section.8.2}{\376\377\000E\000x\000p\000\351\000r\000i\000e\000n\000c\000e\000\040\0001\000\040\040\024\000\040\000I\000n\000f\000l\000u\000e\000n\000c\000e\000\040\000d\000e\000\040\000g\000a\000m\000m\000a}{chapter.8}% 41
\BOOKMARK [1][-]{section.8.3}{\376\377\000E\000x\000p\000\351\000r\000i\000e\000n\000c\000e\000\040\0002\000\040\040\024\000\040\000I\000n\000f\000l\000u\000e\000n\000c\000e\000\040\000d\000e\000\040\000C}{chapter.8}% 42
\BOOKMARK [1][-]{section.8.4}{\376\377\000E\000x\000p\000\351\000r\000i\000e\000n\000c\000e\000\040\0003\000\040\040\024\000\040\000I\000n\000t\000e\000r\000a\000c\000t\000i\000o\000n\000\040\000g\000a\000m\000m\000a\000\040\000e\000t\000\040\000C}{chapter.8}% 43
\BOOKMARK [1][-]{section.8.5}{\376\377\000E\000x\000p\000\351\000r\000i\000e\000n\000c\000e\000\040\0004\000\040\040\024\000\040\000N\000o\000y\000a\000u\000\040\000l\000i\000n\000\351\000a\000i\000r\000e\000\040\000c\000o\000n\000t\000r\000e\000\040\000n\000o\000y\000a\000u\000\040\000R\000B\000F}{chapter.8}% 44
\BOOKMARK [1][-]{section.8.6}{\376\377\000E\000x\000p\000\351\000r\000i\000e\000n\000c\000e\000\040\0005\000\040\040\024\000\040\000M\000a\000t\000r\000i\000c\000e\000\040\000d\000e\000\040\000c\000o\000n\000f\000u\000s\000i\000o\000n}{chapter.8}% 45
\BOOKMARK [1][-]{section.8.7}{\376\377\000S\000y\000n\000t\000h\000\350\000s\000e}{chapter.8}% 46
\BOOKMARK [0][-]{chapter.9}{\376\377\000C\000o\000m\000p\000a\000r\000a\000i\000s\000o\000n\000\040\000t\000r\000a\000n\000s\000v\000e\000r\000s\000a\000l\000e\000\040\000d\000e\000s\000\040\000m\000o\000d\000\350\000l\000e\000s}{}% 47
\BOOKMARK [1][-]{section.9.1}{\376\377\000P\000e\000r\000f\000o\000r\000m\000a\000n\000c\000e\000s\000\040\000f\000i\000n\000a\000l\000e\000s}{chapter.9}% 48
\BOOKMARK [1][-]{section.9.2}{\376\377\000L\000e\000\040\000p\000r\000o\000f\000i\000l\000\040\000d\000e\000s\000\040\000e\000r\000r\000e\000u\000r\000s\000\040\000c\000o\000m\000m\000e\000\040\000s\000i\000g\000n\000a\000t\000u\000r\000e\000\040\000d\000u\000\040\000c\000o\000u\000p\000l\000e\000\040\000m\000o\000d\000\350\000l\000e\000-\000r\000e\000p\000r\000\351\000s\000e\000n\000t\000a\000t\000i\000o\000n}{chapter.9}% 49
\BOOKMARK [1][-]{section.9.3}{\376\377\000C\000o\000\373\000t\000\040\000e\000t\000\040\000n\000a\000t\000u\000r\000e\000\040\000d\000e\000\040\000l\000'\000e\000n\000t\000r\000a\000\356\000n\000e\000m\000e\000n\000t}{chapter.9}% 50
\BOOKMARK [0][-]{chapter.10}{\376\377\000D\000i\000f\000f\000i\000c\000u\000l\000t\000\351\000s\000\040\000r\000e\000n\000c\000o\000n\000t\000r\000\351\000e\000s\000\040\000e\000t\000\040\000r\000\351\000s\000o\000l\000u\000t\000i\000o\000n\000s}{}% 51
\BOOKMARK [1][-]{section.10.1}{\376\377\000L\000e\000\040\000r\000\351\000s\000e\000a\000u\000\040\000q\000u\000i\000\040\000r\000e\000f\000u\000s\000a\000i\000t\000\040\000d\000'\000a\000p\000p\000r\000e\000n\000d\000r\000e}{chapter.10}% 52
\BOOKMARK [1][-]{section.10.2}{\376\377\000L\000'\000o\000r\000d\000r\000e\000\040\000d\000e\000s\000\040\000o\000p\000\351\000r\000a\000t\000i\000o\000n\000s\000\040\000d\000a\000n\000s\000\040\000l\000a\000\040\000r\000\351\000t\000r\000o\000p\000r\000o\000p\000a\000g\000a\000t\000i\000o\000n}{chapter.10}% 53
\BOOKMARK [1][-]{section.10.3}{\376\377\000L\000e\000\040\000m\000o\000d\000u\000l\000e\000\040\000f\000a\000n\000t\000\364\000m\000e}{chapter.10}% 54
\BOOKMARK [1][-]{section.10.4}{\376\377\000L\000e\000\040\000b\000u\000g\000\040\000d\000'\000a\000c\000c\000u\000m\000u\000l\000a\000t\000i\000o\000n\000\040\000d\000\351\000t\000e\000c\000t\000\351\000\040\000p\000a\000r\000\040\000l\000e\000s\000\040\000t\000e\000s\000t\000s}{chapter.10}% 55
\BOOKMARK [1][-]{section.10.5}{\376\377\000L\000e\000s\000\040\000m\000a\000t\000r\000i\000c\000e\000s\000\040\000s\000i\000n\000g\000u\000l\000i\000\350\000r\000e\000s\000\040\000e\000n\000\040\000h\000a\000u\000t\000e\000\040\000d\000i\000m\000e\000n\000s\000i\000o\000n}{chapter.10}% 56
\BOOKMARK [1][-]{section.10.6}{\376\377\000L\000a\000\040\000c\000o\000m\000p\000i\000l\000a\000t\000i\000o\000n\000\040\000d\000'\000O\000S\000Q\000P}{chapter.10}% 57
\BOOKMARK [1][-]{section.10.7}{\376\377\000L\000'\000i\000n\000f\000a\000i\000s\000a\000b\000i\000l\000i\000t\000\351\000\040\000d\000e\000\040\000l\000a\000\040\000m\000a\000r\000g\000e\000\040\000d\000u\000r\000e}{chapter.10}% 58
\BOOKMARK [1][-]{section.10.8}{\376\377\000L\000'\000e\000f\000f\000o\000n\000d\000r\000e\000m\000e\000n\000t\000\040\000p\000a\000r\000\040\000m\000\351\000m\000o\000r\000i\000s\000a\000t\000i\000o\000n\000\040\000d\000u\000\040\000S\000V\000M}{chapter.10}% 59
\BOOKMARK [1][-]{section.10.9}{\376\377\000L\000a\000\040\000m\000a\000t\000r\000i\000c\000e\000\040\000d\000e\000\040\000c\000o\000n\000f\000u\000s\000i\000o\000n\000\040\000d\000u\000\040\000m\000a\000u\000v\000a\000i\000s\000\040\000r\000\351\000g\000l\000a\000g\000e}{chapter.10}% 60
\BOOKMARK [1][-]{section.10.10}{\376\377\000L\000e\000s\000\040\000p\000e\000r\000t\000e\000s\000\040\000d\000e\000\040\000c\000o\000d\000e\000\040\000l\000o\000r\000s\000\040\000d\000e\000s\000\040\000f\000u\000s\000i\000o\000n\000s}{chapter.10}% 61
\BOOKMARK [1][-]{section.10.11}{\376\377\000L\000e\000\040\000c\000a\000r\000n\000e\000t\000\040\000d\000e\000\040\000t\000e\000s\000t\000s\000\040\000\351\000v\000a\000p\000o\000r\000\351\000\040\000e\000t\000\040\000s\000a\000\040\000r\000\351\000c\000u\000p\000\351\000r\000a\000t\000i\000o\000n}{chapter.10}% 62
\BOOKMARK [1][-]{section.10.12}{\376\377\000L\000e\000s\000\040\000t\000e\000s\000t\000s\000\040\000d\000u\000\040\000d\000\351\000c\000o\000u\000p\000a\000g\000e\000\040\000s\000t\000r\000a\000t\000i\000f\000i\000\351}{chapter.10}% 63
\BOOKMARK [0][-]{chapter.11}{\376\377\000I\000n\000t\000e\000r\000f\000a\000c\000e\000\040\000e\000t\000\040\000l\000i\000v\000r\000a\000b\000l\000e\000s}{}% 64
\BOOKMARK [0][-]{chapter.12}{\376\377\000C\000o\000n\000c\000l\000u\000s\000i\000o\000n\000\040\000e\000t\000\040\000p\000e\000r\000s\000p\000e\000c\000t\000i\000v\000e\000s}{}% 65
